// Jest Snapshot v1, https://goo.gl/fbAQLP

exports[`listimport recognizes @import: css 1`] = `"module.exports = [\\"local-file.styl\\"];"`;

exports[`listimport recognizes @import: errors 1`] = `Array []`;

exports[`listimport recognizes @import: warnings 1`] = `Array []`;

exports[`listimport recognizes @require: css 1`] = `"module.exports = [\\"local-file.styl\\"];"`;

exports[`listimport recognizes @require: errors 1`] = `Array []`;

exports[`listimport recognizes @require: warnings 1`] = `Array []`;

exports[`listimport recognizes block-level imports: css 1`] = `"module.exports = [\\"outside-block.styl\\",\\"inside-block.styl\\",\\"nested-inside-block.styl\\"];"`;

exports[`listimport recognizes block-level imports: errors 1`] = `Array []`;

exports[`listimport recognizes block-level imports: warnings 1`] = `Array []`;

exports[`listimport recognizes json(): css 1`] = `"module.exports = [\\"neat-json.json\\"];"`;

exports[`listimport recognizes json(): errors 1`] = `Array []`;

exports[`listimport recognizes json(): warnings 1`] = `Array []`;

exports[`listimport recognizes use(): css 1`] = `"module.exports = [\\"neat-functions.js\\"];"`;

exports[`listimport recognizes use(): errors 1`] = `Array []`;

exports[`listimport recognizes use(): warnings 1`] = `Array []`;
