// Jest Snapshot v1, https://goo.gl/fbAQLP

exports[`loader imports files listed in glob with webpack import with deps: css 1`] = `
".a-glob {
  color: #000;
}
.b-glob {
  background: #808080;
}
.a-glob-webpack {
  color: #000;
}
.b-glob-webpack {
  background: #808080;
}
.glob-in-node {
  color: #fff;
}
.glob-in-node {
  background: #ff7f50;
}
.index-glob {
  font-size: 1rem;
}
.a-glob {
  color: #000;
}
.b-glob {
  background: #808080;
}
.a-glob-webpack {
  color: #000;
}
.b-glob-webpack {
  background: #808080;
}
.glob-entry {
  box-sizing: border-box;
}
"
`;

exports[`loader imports files listed in glob with webpack import with deps: errors 1`] = `Array []`;

exports[`loader imports files listed in glob with webpack import with deps: warnings 1`] = `Array []`;
