// Jest Snapshot v1, https://jestjs.io/docs/snapshot-testing

exports[`loader should work "lineNumbers" option: css 1`] = `
"
/* line 10 : /test/fixtures/basic.styl */

/* line 1 : /node_modules/stylus/lib/functions/index.styl */

/* line 6 : /test/fixtures/basic.styl */
body {
  font: 12px Helvetica, Arial, sans-serif;
}

/* line 9 : /test/fixtures/basic.styl */
a.button {
  -webkit-border-radius: 5px;
  -moz-border-radius: 5px;
  border-radius: 5px;
}
"
`;

exports[`loader should work "lineNumbers" option: errors 1`] = `[]`;

exports[`loader should work "lineNumbers" option: warnings 1`] = `[]`;
