// Jest Snapshot v1, https://goo.gl/fbAQLP

exports[`loader imports files listed in glob with deps: css 1`] = `
".a-glob {
  color: #000;
}
.b-glob {
  background: #808080;
}
.a-glob-files {
  color: #000;
}
.b-glob-files {
  background: #808080;
}
.imported-stylus {
  border: 5px;
}
"
`;

exports[`loader imports files listed in glob with deps: errors 1`] = `Array []`;

exports[`loader imports files listed in glob with deps: warnings 1`] = `Array []`;
